2026-05-06 11:58:30,964 INFO vwap_trader.infra.bybit_client: Server time offset applied: 57ms
2026-05-06 11:58:30,965 INFO vwap_trader.infra.bybit_client: BybitClient initialized
2026-05-06 11:58:31,048 INFO vwap_trader.infra.bybit_client: Hedge mode confirmed
2026-05-06 11:58:31,048 INFO vwap_trader.universe.symbol_universe: SymbolUniverse refreshing...
2026-05-06 11:59:05,438 INFO vwap_trader.universe.symbol_universe: SymbolUniverse refreshed: 48 symbols
2026-05-06 11:59:05,517 WARNING vwap_trader.infra.bybit_client: Demo trading not supported for 1000BONKUSDT — skipping isolated margin
2026-05-06 11:59:05,591 WARNING vwap_trader.infra.bybit_client: Demo trading not supported for 1000LUNCUSDT — skipping isolated margin
2026-05-06 11:59:05,667 WARNING vwap_trader.infra.bybit_client: Demo trading not supported for 1000NEIROCTOUSDT — skipping isolated margin
2026-05-06 11:59:05,747 WARNING vwap_trader.infra.bybit_client: Demo trading not supported for 1000PEPEUSDT — skipping isolated margin
2026-05-06 11:59:05,822 WARNING vwap_trader.infra.bybit_client: Demo trading not supported for AAVEUSDT — skipping isolated margin
2026-05-06 11:59:05,900 WARNING vwap_trader.infra.bybit_client: Demo trading not supported for ADAUSDT — skipping isolated margin
2026-05-06 11:59:05,977 WARNING vwap_trader.infra.bybit_client: Demo trading not supported for ALGOUSDT — skipping isolated margin
2026-05-06 11:59:06,052 WARNING vwap_trader.infra.bybit_client: Demo trading not supported for APEUSDT — skipping isolated margin
2026-05-06 11:59:06,131 WARNING vwap_trader.infra.bybit_client: Demo trading not supported for APTUSDT — skipping isolated margin
2026-05-06 11:59:06,207 WARNING vwap_trader.infra.bybit_client: Demo trading not supported for ARBUSDT — skipping isolated margin
2026-05-06 11:59:06,285 WARNING vwap_trader.infra.bybit_client: Demo trading not supported for ASTERUSDT — skipping isolated margin
2026-05-06 11:59:06,364 WARNING vwap_trader.infra.bybit_client: Demo trading not supported for AVAXUSDT — skipping isolated margin
2026-05-06 11:59:06,442 WARNING vwap_trader.infra.bybit_client: Demo trading not supported for BCHUSDT — skipping isolated margin
2026-05-06 11:59:06,521 WARNING vwap_trader.infra.bybit_client: Demo trading not supported for BIOUSDT — skipping isolated margin
2026-05-06 11:59:06,601 WARNING vwap_trader.infra.bybit_client: Demo trading not supported for BNBUSDT — skipping isolated margin
2026-05-06 11:59:06,677 WARNING vwap_trader.infra.bybit_client: Demo trading not supported for BTCUSDT — skipping isolated margin
2026-05-06 11:59:06,753 WARNING vwap_trader.infra.bybit_client: Demo trading not supported for BUSDT — skipping isolated margin
2026-05-06 11:59:06,832 WARNING vwap_trader.infra.bybit_client: Demo trading not supported for DASHUSDT — skipping isolated margin
2026-05-06 11:59:06,909 WARNING vwap_trader.infra.bybit_client: Demo trading not supported for DOGEUSDT — skipping isolated margin
2026-05-06 11:59:06,984 WARNING vwap_trader.infra.bybit_client: Demo trading not supported for DOTUSDT — skipping isolated margin
2026-05-06 11:59:07,060 WARNING vwap_trader.infra.bybit_client: Demo trading not supported for EIGENUSDT — skipping isolated margin
2026-05-06 11:59:07,139 WARNING vwap_trader.infra.bybit_client: Demo trading not supported for ENAUSDT — skipping isolated margin
2026-05-06 11:59:07,214 WARNING vwap_trader.infra.bybit_client: Demo trading not supported for ETHUSDT — skipping isolated margin
2026-05-06 11:59:07,289 WARNING vwap_trader.infra.bybit_client: Demo trading not supported for FARTCOINUSDT — skipping isolated margin
2026-05-06 11:59:07,368 WARNING vwap_trader.infra.bybit_client: Demo trading not supported for FHEUSDT — skipping isolated margin
2026-05-06 11:59:07,447 WARNING vwap_trader.infra.bybit_client: Demo trading not supported for FILUSDT — skipping isolated margin
2026-05-06 11:59:07,524 WARNING vwap_trader.infra.bybit_client: Demo trading not supported for GALAUSDT — skipping isolated margin
2026-05-06 11:59:07,599 WARNING vwap_trader.infra.bybit_client: Demo trading not supported for HBARUSDT — skipping isolated margin
2026-05-06 11:59:07,674 WARNING vwap_trader.infra.bybit_client: Demo trading not supported for HIVEUSDT — skipping isolated margin
2026-05-06 11:59:07,749 WARNING vwap_trader.infra.bybit_client: Demo trading not supported for HYPEUSDT — skipping isolated margin
2026-05-06 11:59:07,824 WARNING vwap_trader.infra.bybit_client: Demo trading not supported for ICPUSDT — skipping isolated margin
2026-05-06 11:59:07,901 WARNING vwap_trader.infra.bybit_client: Demo trading not supported for LABUSDT — skipping isolated margin
2026-05-06 11:59:07,979 WARNING vwap_trader.infra.bybit_client: Demo trading not supported for LINKUSDT — skipping isolated margin
2026-05-06 11:59:08,057 WARNING vwap_trader.infra.bybit_client: Demo trading not supported for LTCUSDT — skipping isolated margin
2026-05-06 11:59:08,138 WARNING vwap_trader.infra.bybit_client: Demo trading not supported for MEGAUSDT — skipping isolated margin
2026-05-06 11:59:08,214 WARNING vwap_trader.infra.bybit_client: Demo trading not supported for MONUSDT — skipping isolated margin
2026-05-06 11:59:08,289 WARNING vwap_trader.infra.bybit_client: Demo trading not supported for MUSDT — skipping isolated margin
2026-05-06 11:59:08,364 WARNING vwap_trader.infra.bybit_client: Demo trading not supported for NEARUSDT — skipping isolated margin
2026-05-06 11:59:08,440 WARNING vwap_trader.infra.bybit_client: Demo trading not supported for NOTUSDT — skipping isolated margin
2026-05-06 11:59:08,519 WARNING vwap_trader.infra.bybit_client: Demo trading not supported for ONDOUSDT — skipping isolated margin
2026-05-06 11:59:08,597 WARNING vwap_trader.infra.bybit_client: Demo trading not supported for OPUSDT — skipping isolated margin
2026-05-06 11:59:08,673 WARNING vwap_trader.infra.bybit_client: Demo trading not supported for ORCAUSDT — skipping isolated margin
2026-05-06 11:59:08,749 WARNING vwap_trader.infra.bybit_client: Demo trading not supported for ORDIUSDT — skipping isolated margin
2026-05-06 11:59:08,827 WARNING vwap_trader.infra.bybit_client: Demo trading not supported for PENDLEUSDT — skipping isolated margin
2026-05-06 11:59:08,904 WARNING vwap_trader.infra.bybit_client: Demo trading not supported for PENGUUSDT — skipping isolated margin
2026-05-06 11:59:08,981 WARNING vwap_trader.infra.bybit_client: Demo trading not supported for RAVEUSDT — skipping isolated margin
2026-05-06 11:59:09,059 WARNING vwap_trader.infra.bybit_client: Demo trading not supported for RENDERUSDT — skipping isolated margin
2026-05-06 11:59:09,137 WARNING vwap_trader.infra.bybit_client: Demo trading not supported for SHIB1000USDT — skipping isolated margin
2026-05-06 11:59:09,138 INFO __main__: Startup checks passed (hedge_mode=OK, isolated_margin=OK x 48, DRY_RUN=False)
2026-05-06 11:59:09,138 INFO __main__: VWAP-Trader starting. DRY_RUN=False
2026-05-06 11:59:09,218 INFO vwap_trader.notifier: ALERT: 🟢 **봇 시작됨**
잔고: 49,999.91 USDT
DEMO 모드 실행 중
2026-05-06 11:59:09,299 INFO __main__: MainLoop started. balance=49999.91 DRY_RUN=False
2026-05-06 14:00:41,875 INFO vwap_trader.infra.order_executor: [LIVE] open_position: short RAVEUSDT qty=23779.0000 sl=0.6890 tp1=0.0000 est_cost_usdt=23.0768
2026-05-06 14:00:41,958 INFO vwap_trader.infra.bybit_client: place_order success: Sell RAVEUSDT qty=23779.0
2026-05-06 14:00:41,959 INFO vwap_trader.infra.order_executor: Position opened: 78ba22a0-c140-4d8a-aa68-a339e605aea0
2026-05-06 14:00:41,959 INFO __main__: Opened short RAVEUSDT ModuleB @ 0.6470 sl=0.6890
2026-05-06 14:00:41,960 INFO vwap_trader.notifier: ALERT: 📉 **매도 (Short) 진입**
심볼: RAVEUSDT
수량: 23779.0
진입가: 0.6470
손절가: 0.6890
2026-05-06 16:10:17,130 INFO vwap_trader.notifier: ALERT: 🔴 **봇 종료됨**
사유: 정상 종료
2026-05-07 02:14:51,783 INFO vwap_trader.infra.bybit_client: Server time offset applied: 3264ms
2026-05-07 02:14:51,784 INFO vwap_trader.infra.bybit_client: BybitClient initialized
2026-05-07 02:14:51,785 INFO __main__: 심볼 로드: ['1000PEPEUSDT', 'ONDOUSDT', 'DOGEUSDT', 'ICPUSDT', 'HYPEUSDT'] (스크리너 2026-05-06)
2026-05-07 02:14:51,866 INFO vwap_trader.infra.bybit_client: Hedge mode confirmed
2026-05-07 02:14:51,943 INFO __main__: 봇 시작 | 잔고: 49838.13 USDT | DRY_RUN=False | 심볼: ['1000PEPEUSDT', 'ONDOUSDT', 'DOGEUSDT', 'ICPUSDT', 'HYPEUSDT']
2026-05-07 02:14:51,943 INFO vwap_trader.notifier: ALERT: 🟢 **봇 시작됨**
잔고: 49,838.13 USDT
DEMO 모드 실행 중
2026-05-07 02:14:51,943 INFO __main__: 다음 캔들까지 13초 대기
2026-05-07 02:15:05,015 INFO __main__: 스크리너 실행 중...
2026-05-07 02:15:15,415 INFO __main__: 스크리너 완료: ['VIRTUALUSDT', 'ONDOUSDT', 'ICPUSDT', 'HYPEUSDT', 'WIFUSDT']
2026-05-07 02:15:15,415 INFO __main__: 심볼 갱신: ['1000PEPEUSDT', 'ONDOUSDT', 'DOGEUSDT', 'ICPUSDT', 'HYPEUSDT'] → ['VIRTUALUSDT', 'ONDOUSDT', 'ICPUSDT', 'HYPEUSDT', 'WIFUSDT']
2026-05-07 02:15:15,415 INFO __main__: tick 2026-05-06 17:15 UTC | 심볼: ['VIRTUALUSDT', 'ONDOUSDT', 'ICPUSDT', 'HYPEUSDT', 'WIFUSDT']
2026-05-07 02:15:15,860 INFO __main__: 다음 캔들까지 889초 대기
2026-05-07 02:19:28,181 INFO vwap_trader.infra.bybit_client: Server time offset applied: 3278ms
2026-05-07 02:19:28,182 INFO vwap_trader.infra.bybit_client: BybitClient initialized
2026-05-07 02:19:28,182 INFO __main__: 심볼 로드: ['VIRTUALUSDT', 'ONDOUSDT', 'WIFUSDT', 'BNBUSDT', 'DOGEUSDT'] (스크리너 2026-05-06)
2026-05-07 02:19:28,260 INFO vwap_trader.infra.bybit_client: Hedge mode confirmed
2026-05-07 02:19:28,338 INFO __main__: 봇 시작 | 잔고: 49838.13 USDT | DRY_RUN=False | 심볼: ['VIRTUALUSDT', 'ONDOUSDT', 'WIFUSDT', 'BNBUSDT', 'DOGEUSDT']
2026-05-07 02:19:28,338 INFO vwap_trader.notifier: ALERT: 🟢 **봇 시작됨**
잔고: 49,838.13 USDT
DEMO 모드 실행 중
2026-05-07 02:19:28,338 INFO __main__: 다음 캔들까지 637초 대기
2026-05-07 02:30:05,005 INFO __main__: 스크리너 실행 중...
2026-05-07 02:30:15,558 INFO __main__: 스크리너 완료: ['VIRTUALUSDT', 'ONDOUSDT', 'WIFUSDT', 'LABUSDT', 'BNBUSDT']
2026-05-07 02:30:15,558 INFO __main__: 심볼 갱신: ['VIRTUALUSDT', 'ONDOUSDT', 'WIFUSDT', 'BNBUSDT', 'DOGEUSDT'] → ['VIRTUALUSDT', 'ONDOUSDT', 'WIFUSDT', 'LABUSDT', 'BNBUSDT']
2026-05-07 02:30:15,559 INFO __main__: tick 2026-05-06 17:30 UTC | 심볼: ['VIRTUALUSDT', 'ONDOUSDT', 'WIFUSDT', 'LABUSDT', 'BNBUSDT']
2026-05-07 02:30:16,004 INFO __main__: 다음 캔들까지 889초 대기
2026-05-07 02:45:05,007 INFO __main__: tick 2026-05-06 17:45 UTC | 심볼: ['VIRTUALUSDT', 'ONDOUSDT', 'WIFUSDT', 'LABUSDT', 'BNBUSDT']
2026-05-07 02:45:05,488 INFO __main__: 다음 캔들까지 900초 대기
2026-05-07 03:00:05,000 INFO __main__: tick 2026-05-06 18:00 UTC | 심볼: ['VIRTUALUSDT', 'ONDOUSDT', 'WIFUSDT', 'LABUSDT', 'BNBUSDT']
2026-05-07 03:00:05,469 INFO __main__: 다음 캔들까지 900초 대기
2026-05-07 03:15:05,010 INFO __main__: tick 2026-05-06 18:15 UTC | 심볼: ['VIRTUALUSDT', 'ONDOUSDT', 'WIFUSDT', 'LABUSDT', 'BNBUSDT']
2026-05-07 03:15:05,483 INFO __main__: 다음 캔들까지 900초 대기
2026-05-07 03:30:05,009 INFO __main__: tick 2026-05-06 18:30 UTC | 심볼: ['VIRTUALUSDT', 'ONDOUSDT', 'WIFUSDT', 'LABUSDT', 'BNBUSDT']
2026-05-07 03:30:05,509 INFO __main__: 다음 캔들까지 899초 대기
2026-05-07 03:45:05,006 INFO __main__: tick 2026-05-06 18:45 UTC | 심볼: ['VIRTUALUSDT', 'ONDOUSDT', 'WIFUSDT', 'LABUSDT', 'BNBUSDT']
2026-05-07 03:45:05,521 INFO __main__: 다음 캔들까지 899초 대기
2026-05-07 04:00:05,003 INFO __main__: tick 2026-05-06 19:00 UTC | 심볼: ['VIRTUALUSDT', 'ONDOUSDT', 'WIFUSDT', 'LABUSDT', 'BNBUSDT']
2026-05-07 04:00:05,481 INFO __main__: 다음 캔들까지 900초 대기
2026-05-07 04:15:05,014 INFO __main__: tick 2026-05-06 19:15 UTC | 심볼: ['VIRTUALUSDT', 'ONDOUSDT', 'WIFUSDT', 'LABUSDT', 'BNBUSDT']
2026-05-07 04:15:05,500 INFO __main__: 다음 캔들까지 900초 대기
2026-05-07 04:30:05,009 INFO __main__: tick 2026-05-06 19:30 UTC | 심볼: ['VIRTUALUSDT', 'ONDOUSDT', 'WIFUSDT', 'LABUSDT', 'BNBUSDT']
2026-05-07 04:30:05,520 INFO __main__: 다음 캔들까지 899초 대기
2026-05-07 04:45:05,013 INFO __main__: tick 2026-05-06 19:45 UTC | 심볼: ['VIRTUALUSDT', 'ONDOUSDT', 'WIFUSDT', 'LABUSDT', 'BNBUSDT']
2026-05-07 04:45:05,491 INFO __main__: 다음 캔들까지 900초 대기
2026-05-07 05:00:08,751 INFO __main__: tick 2026-05-06 20:00 UTC | 심볼: ['VIRTUALUSDT', 'ONDOUSDT', 'WIFUSDT', 'LABUSDT', 'BNBUSDT']
2026-05-07 05:00:09,224 INFO __main__: 다음 캔들까지 896초 대기
2026-05-07 05:15:05,013 INFO __main__: tick 2026-05-06 20:15 UTC | 심볼: ['VIRTUALUSDT', 'ONDOUSDT', 'WIFUSDT', 'LABUSDT', 'BNBUSDT']
2026-05-07 05:15:05,746 INFO __main__: 다음 캔들까지 899초 대기
2026-05-07 05:30:05,004 INFO __main__: tick 2026-05-06 20:30 UTC | 심볼: ['VIRTUALUSDT', 'ONDOUSDT', 'WIFUSDT', 'LABUSDT', 'BNBUSDT']
2026-05-07 05:30:05,515 INFO __main__: 다음 캔들까지 899초 대기
2026-05-07 05:45:05,006 INFO __main__: tick 2026-05-06 20:45 UTC | 심볼: ['VIRTUALUSDT', 'ONDOUSDT', 'WIFUSDT', 'LABUSDT', 'BNBUSDT']
2026-05-07 05:45:05,536 INFO __main__: 다음 캔들까지 899초 대기
2026-05-07 06:00:05,002 INFO __main__: tick 2026-05-06 21:00 UTC | 심볼: ['VIRTUALUSDT', 'ONDOUSDT', 'WIFUSDT', 'LABUSDT', 'BNBUSDT']
2026-05-07 06:00:05,498 INFO __main__: 다음 캔들까지 900초 대기
2026-05-07 06:15:05,004 INFO __main__: tick 2026-05-06 21:15 UTC | 심볼: ['VIRTUALUSDT', 'ONDOUSDT', 'WIFUSDT', 'LABUSDT', 'BNBUSDT']
2026-05-07 06:15:05,501 INFO __main__: 다음 캔들까지 899초 대기
2026-05-07 06:30:05,007 INFO __main__: tick 2026-05-06 21:30 UTC | 심볼: ['VIRTUALUSDT', 'ONDOUSDT', 'WIFUSDT', 'LABUSDT', 'BNBUSDT']
2026-05-07 06:30:05,496 INFO __main__: 다음 캔들까지 900초 대기
2026-05-07 06:45:05,010 INFO __main__: tick 2026-05-06 21:45 UTC | 심볼: ['VIRTUALUSDT', 'ONDOUSDT', 'WIFUSDT', 'LABUSDT', 'BNBUSDT']
2026-05-07 06:45:05,523 INFO __main__: 다음 캔들까지 899초 대기
2026-05-07 07:00:05,011 INFO __main__: tick 2026-05-06 22:00 UTC | 심볼: ['VIRTUALUSDT', 'ONDOUSDT', 'WIFUSDT', 'LABUSDT', 'BNBUSDT']
2026-05-07 07:00:05,504 INFO __main__: 다음 캔들까지 899초 대기
2026-05-07 07:15:05,007 INFO __main__: tick 2026-05-06 22:15 UTC | 심볼: ['VIRTUALUSDT', 'ONDOUSDT', 'WIFUSDT', 'LABUSDT', 'BNBUSDT']
2026-05-07 07:15:05,511 INFO __main__: 다음 캔들까지 899초 대기
2026-05-07 07:30:05,013 INFO __main__: tick 2026-05-06 22:30 UTC | 심볼: ['VIRTUALUSDT', 'ONDOUSDT', 'WIFUSDT', 'LABUSDT', 'BNBUSDT']
2026-05-07 07:30:05,485 INFO __main__: 다음 캔들까지 900초 대기
2026-05-07 07:45:05,004 INFO __main__: tick 2026-05-06 22:45 UTC | 심볼: ['VIRTUALUSDT', 'ONDOUSDT', 'WIFUSDT', 'LABUSDT', 'BNBUSDT']
2026-05-07 07:45:05,486 INFO __main__: 다음 캔들까지 900초 대기
2026-05-07 08:00:05,014 INFO __main__: tick 2026-05-06 23:00 UTC | 심볼: ['VIRTUALUSDT', 'ONDOUSDT', 'WIFUSDT', 'LABUSDT', 'BNBUSDT']
2026-05-07 08:00:05,711 INFO __main__: 다음 캔들까지 899초 대기
